<testsuites id="" name="" tests="100" failures="0" skipped="100" errors="0" time="0.13281400000000002">
<testsuite name="admin-auth.spec.ts" timestamp="2025-10-18T07:09:26.047Z" hostname="chromium" tests="10" failures="0" skipped="10" time="0" errors="0">
<testcase name="Admin Authentication Flow › should show mode selection screen" classname="admin-auth.spec.ts" time="0">
<skipped>
</skipped>
</testcase>
<testcase name="Admin Authentication Flow › should navigate to admin login when admin mode selected" classname="admin-auth.spec.ts" time="0">
<skipped>
</skipped>
</testcase>
<testcase name="Admin Authentication Flow › should validate required fields on admin login" classname="admin-auth.spec.ts" time="0">
<skipped>
</skipped>
</testcase>
<testcase name="Admin Authentication Flow › should handle invalid credentials gracefully" classname="admin-auth.spec.ts" time="0">
<skipped>
</skipped>
</testcase>
<testcase name="Admin Authentication Flow › should handle successful admin login" classname="admin-auth.spec.ts" time="0">
<skipped>
</skipped>
</testcase>
<testcase name="Admin Authentication Flow › should protect admin dashboard from direct access" classname="admin-auth.spec.ts" time="0">
<skipped>
</skipped>
</testcase>
<testcase name="Admin Authentication Flow › should handle network errors during login" classname="admin-auth.spec.ts" time="0">
<skipped>
</skipped>
</testcase>
<testcase name="Admin Authentication Flow › should clear password field after failed login attempt" classname="admin-auth.spec.ts" time="0">
<skipped>
</skipped>
</testcase>
<testcase name="Admin Authentication Flow › should show loading state during authentication" classname="admin-auth.spec.ts" time="0">
<skipped>
</skipped>
</testcase>
<testcase name="Admin Authentication Flow › should maintain session across page refreshes" classname="admin-auth.spec.ts" time="0">
<skipped>
</skipped>
</testcase>
</testsuite>
<testsuite name="facial-sentiment-workflow.spec.ts" timestamp="2025-10-18T07:09:26.047Z" hostname="chromium" tests="10" failures="0" skipped="10" time="0" errors="0">
<testcase name="Facial Sentiment Analysis Workflow › should navigate to participant mode and show camera interface" classname="facial-sentiment-workflow.spec.ts" time="0">
<skipped>
</skipped>
</testcase>
<testcase name="Facial Sentiment Analysis Workflow › should handle camera permission denial gracefully" classname="facial-sentiment-workflow.spec.ts" time="0">
<skipped>
</skipped>
</testcase>
<testcase name="Facial Sentiment Analysis Workflow › should handle camera permission grant and start video stream" classname="facial-sentiment-workflow.spec.ts" time="0">
<skipped>
</skipped>
</testcase>
<testcase name="Facial Sentiment Analysis Workflow › should display sentiment analysis results in real-time" classname="facial-sentiment-workflow.spec.ts" time="0">
<skipped>
</skipped>
</testcase>
<testcase name="Facial Sentiment Analysis Workflow › should record and save facial analysis data" classname="facial-sentiment-workflow.spec.ts" time="0">
<skipped>
</skipped>
</testcase>
<testcase name="Facial Sentiment Analysis Workflow › should handle face detection failures gracefully" classname="facial-sentiment-workflow.spec.ts" time="0">
<skipped>
</skipped>
</testcase>
<testcase name="Facial Sentiment Analysis Workflow › should display analysis history and timestamps" classname="facial-sentiment-workflow.spec.ts" time="0">
<skipped>
</skipped>
</testcase>
<testcase name="Facial Sentiment Analysis Workflow › should export analysis results" classname="facial-sentiment-workflow.spec.ts" time="0">
<skipped>
</skipped>
</testcase>
<testcase name="Facial Sentiment Analysis Workflow › should handle analysis interruption and resumption" classname="facial-sentiment-workflow.spec.ts" time="0">
<skipped>
</skipped>
</testcase>
<testcase name="Facial Sentiment Analysis Workflow › should validate demographic data collection" classname="facial-sentiment-workflow.spec.ts" time="0">
<skipped>
</skipped>
</testcase>
</testsuite>
<testsuite name="admin-auth.spec.ts" timestamp="2025-10-18T07:09:26.047Z" hostname="firefox" tests="10" failures="0" skipped="10" time="0" errors="0">
<testcase name="Admin Authentication Flow › should show mode selection screen" classname="admin-auth.spec.ts" time="0">
<skipped>
</skipped>
</testcase>
<testcase name="Admin Authentication Flow › should navigate to admin login when admin mode selected" classname="admin-auth.spec.ts" time="0">
<skipped>
</skipped>
</testcase>
<testcase name="Admin Authentication Flow › should validate required fields on admin login" classname="admin-auth.spec.ts" time="0">
<skipped>
</skipped>
</testcase>
<testcase name="Admin Authentication Flow › should handle invalid credentials gracefully" classname="admin-auth.spec.ts" time="0">
<skipped>
</skipped>
</testcase>
<testcase name="Admin Authentication Flow › should handle successful admin login" classname="admin-auth.spec.ts" time="0">
<skipped>
</skipped>
</testcase>
<testcase name="Admin Authentication Flow › should protect admin dashboard from direct access" classname="admin-auth.spec.ts" time="0">
<skipped>
</skipped>
</testcase>
<testcase name="Admin Authentication Flow › should handle network errors during login" classname="admin-auth.spec.ts" time="0">
<skipped>
</skipped>
</testcase>
<testcase name="Admin Authentication Flow › should clear password field after failed login attempt" classname="admin-auth.spec.ts" time="0">
<skipped>
</skipped>
</testcase>
<testcase name="Admin Authentication Flow › should show loading state during authentication" classname="admin-auth.spec.ts" time="0">
<skipped>
</skipped>
</testcase>
<testcase name="Admin Authentication Flow › should maintain session across page refreshes" classname="admin-auth.spec.ts" time="0">
<skipped>
</skipped>
</testcase>
</testsuite>
<testsuite name="facial-sentiment-workflow.spec.ts" timestamp="2025-10-18T07:09:26.047Z" hostname="firefox" tests="10" failures="0" skipped="10" time="0" errors="0">
<testcase name="Facial Sentiment Analysis Workflow › should navigate to participant mode and show camera interface" classname="facial-sentiment-workflow.spec.ts" time="0">
<skipped>
</skipped>
</testcase>
<testcase name="Facial Sentiment Analysis Workflow › should handle camera permission denial gracefully" classname="facial-sentiment-workflow.spec.ts" time="0">
<skipped>
</skipped>
</testcase>
<testcase name="Facial Sentiment Analysis Workflow › should handle camera permission grant and start video stream" classname="facial-sentiment-workflow.spec.ts" time="0">
<skipped>
</skipped>
</testcase>
<testcase name="Facial Sentiment Analysis Workflow › should display sentiment analysis results in real-time" classname="facial-sentiment-workflow.spec.ts" time="0">
<skipped>
</skipped>
</testcase>
<testcase name="Facial Sentiment Analysis Workflow › should record and save facial analysis data" classname="facial-sentiment-workflow.spec.ts" time="0">
<skipped>
</skipped>
</testcase>
<testcase name="Facial Sentiment Analysis Workflow › should handle face detection failures gracefully" classname="facial-sentiment-workflow.spec.ts" time="0">
<skipped>
</skipped>
</testcase>
<testcase name="Facial Sentiment Analysis Workflow › should display analysis history and timestamps" classname="facial-sentiment-workflow.spec.ts" time="0">
<skipped>
</skipped>
</testcase>
<testcase name="Facial Sentiment Analysis Workflow › should export analysis results" classname="facial-sentiment-workflow.spec.ts" time="0">
<skipped>
</skipped>
</testcase>
<testcase name="Facial Sentiment Analysis Workflow › should handle analysis interruption and resumption" classname="facial-sentiment-workflow.spec.ts" time="0">
<skipped>
</skipped>
</testcase>
<testcase name="Facial Sentiment Analysis Workflow › should validate demographic data collection" classname="facial-sentiment-workflow.spec.ts" time="0">
<skipped>
</skipped>
</testcase>
</testsuite>
<testsuite name="admin-auth.spec.ts" timestamp="2025-10-18T07:09:26.047Z" hostname="webkit" tests="10" failures="0" skipped="10" time="0" errors="0">
<testcase name="Admin Authentication Flow › should show mode selection screen" classname="admin-auth.spec.ts" time="0">
<skipped>
</skipped>
</testcase>
<testcase name="Admin Authentication Flow › should navigate to admin login when admin mode selected" classname="admin-auth.spec.ts" time="0">
<skipped>
</skipped>
</testcase>
<testcase name="Admin Authentication Flow › should validate required fields on admin login" classname="admin-auth.spec.ts" time="0">
<skipped>
</skipped>
</testcase>
<testcase name="Admin Authentication Flow › should handle invalid credentials gracefully" classname="admin-auth.spec.ts" time="0">
<skipped>
</skipped>
</testcase>
<testcase name="Admin Authentication Flow › should handle successful admin login" classname="admin-auth.spec.ts" time="0">
<skipped>
</skipped>
</testcase>
<testcase name="Admin Authentication Flow › should protect admin dashboard from direct access" classname="admin-auth.spec.ts" time="0">
<skipped>
</skipped>
</testcase>
<testcase name="Admin Authentication Flow › should handle network errors during login" classname="admin-auth.spec.ts" time="0">
<skipped>
</skipped>
</testcase>
<testcase name="Admin Authentication Flow › should clear password field after failed login attempt" classname="admin-auth.spec.ts" time="0">
<skipped>
</skipped>
</testcase>
<testcase name="Admin Authentication Flow › should show loading state during authentication" classname="admin-auth.spec.ts" time="0">
<skipped>
</skipped>
</testcase>
<testcase name="Admin Authentication Flow › should maintain session across page refreshes" classname="admin-auth.spec.ts" time="0">
<skipped>
</skipped>
</testcase>
</testsuite>
<testsuite name="facial-sentiment-workflow.spec.ts" timestamp="2025-10-18T07:09:26.047Z" hostname="webkit" tests="10" failures="0" skipped="10" time="0" errors="0">
<testcase name="Facial Sentiment Analysis Workflow › should navigate to participant mode and show camera interface" classname="facial-sentiment-workflow.spec.ts" time="0">
<skipped>
</skipped>
</testcase>
<testcase name="Facial Sentiment Analysis Workflow › should handle camera permission denial gracefully" classname="facial-sentiment-workflow.spec.ts" time="0">
<skipped>
</skipped>
</testcase>
<testcase name="Facial Sentiment Analysis Workflow › should handle camera permission grant and start video stream" classname="facial-sentiment-workflow.spec.ts" time="0">
<skipped>
</skipped>
</testcase>
<testcase name="Facial Sentiment Analysis Workflow › should display sentiment analysis results in real-time" classname="facial-sentiment-workflow.spec.ts" time="0">
<skipped>
</skipped>
</testcase>
<testcase name="Facial Sentiment Analysis Workflow › should record and save facial analysis data" classname="facial-sentiment-workflow.spec.ts" time="0">
<skipped>
</skipped>
</testcase>
<testcase name="Facial Sentiment Analysis Workflow › should handle face detection failures gracefully" classname="facial-sentiment-workflow.spec.ts" time="0">
<skipped>
</skipped>
</testcase>
<testcase name="Facial Sentiment Analysis Workflow › should display analysis history and timestamps" classname="facial-sentiment-workflow.spec.ts" time="0">
<skipped>
</skipped>
</testcase>
<testcase name="Facial Sentiment Analysis Workflow › should export analysis results" classname="facial-sentiment-workflow.spec.ts" time="0">
<skipped>
</skipped>
</testcase>
<testcase name="Facial Sentiment Analysis Workflow › should handle analysis interruption and resumption" classname="facial-sentiment-workflow.spec.ts" time="0">
<skipped>
</skipped>
</testcase>
<testcase name="Facial Sentiment Analysis Workflow › should validate demographic data collection" classname="facial-sentiment-workflow.spec.ts" time="0">
<skipped>
</skipped>
</testcase>
</testsuite>
<testsuite name="admin-auth.spec.ts" timestamp="2025-10-18T07:09:26.047Z" hostname="Mobile Chrome" tests="10" failures="0" skipped="10" time="0" errors="0">
<testcase name="Admin Authentication Flow › should show mode selection screen" classname="admin-auth.spec.ts" time="0">
<skipped>
</skipped>
</testcase>
<testcase name="Admin Authentication Flow › should navigate to admin login when admin mode selected" classname="admin-auth.spec.ts" time="0">
<skipped>
</skipped>
</testcase>
<testcase name="Admin Authentication Flow › should validate required fields on admin login" classname="admin-auth.spec.ts" time="0">
<skipped>
</skipped>
</testcase>
<testcase name="Admin Authentication Flow › should handle invalid credentials gracefully" classname="admin-auth.spec.ts" time="0">
<skipped>
</skipped>
</testcase>
<testcase name="Admin Authentication Flow › should handle successful admin login" classname="admin-auth.spec.ts" time="0">
<skipped>
</skipped>
</testcase>
<testcase name="Admin Authentication Flow › should protect admin dashboard from direct access" classname="admin-auth.spec.ts" time="0">
<skipped>
</skipped>
</testcase>
<testcase name="Admin Authentication Flow › should handle network errors during login" classname="admin-auth.spec.ts" time="0">
<skipped>
</skipped>
</testcase>
<testcase name="Admin Authentication Flow › should clear password field after failed login attempt" classname="admin-auth.spec.ts" time="0">
<skipped>
</skipped>
</testcase>
<testcase name="Admin Authentication Flow › should show loading state during authentication" classname="admin-auth.spec.ts" time="0">
<skipped>
</skipped>
</testcase>
<testcase name="Admin Authentication Flow › should maintain session across page refreshes" classname="admin-auth.spec.ts" time="0">
<skipped>
</skipped>
</testcase>
</testsuite>
<testsuite name="facial-sentiment-workflow.spec.ts" timestamp="2025-10-18T07:09:26.047Z" hostname="Mobile Chrome" tests="10" failures="0" skipped="10" time="0" errors="0">
<testcase name="Facial Sentiment Analysis Workflow › should navigate to participant mode and show camera interface" classname="facial-sentiment-workflow.spec.ts" time="0">
<skipped>
</skipped>
</testcase>
<testcase name="Facial Sentiment Analysis Workflow › should handle camera permission denial gracefully" classname="facial-sentiment-workflow.spec.ts" time="0">
<skipped>
</skipped>
</testcase>
<testcase name="Facial Sentiment Analysis Workflow › should handle camera permission grant and start video stream" classname="facial-sentiment-workflow.spec.ts" time="0">
<skipped>
</skipped>
</testcase>
<testcase name="Facial Sentiment Analysis Workflow › should display sentiment analysis results in real-time" classname="facial-sentiment-workflow.spec.ts" time="0">
<skipped>
</skipped>
</testcase>
<testcase name="Facial Sentiment Analysis Workflow › should record and save facial analysis data" classname="facial-sentiment-workflow.spec.ts" time="0">
<skipped>
</skipped>
</testcase>
<testcase name="Facial Sentiment Analysis Workflow › should handle face detection failures gracefully" classname="facial-sentiment-workflow.spec.ts" time="0">
<skipped>
</skipped>
</testcase>
<testcase name="Facial Sentiment Analysis Workflow › should display analysis history and timestamps" classname="facial-sentiment-workflow.spec.ts" time="0">
<skipped>
</skipped>
</testcase>
<testcase name="Facial Sentiment Analysis Workflow › should export analysis results" classname="facial-sentiment-workflow.spec.ts" time="0">
<skipped>
</skipped>
</testcase>
<testcase name="Facial Sentiment Analysis Workflow › should handle analysis interruption and resumption" classname="facial-sentiment-workflow.spec.ts" time="0">
<skipped>
</skipped>
</testcase>
<testcase name="Facial Sentiment Analysis Workflow › should validate demographic data collection" classname="facial-sentiment-workflow.spec.ts" time="0">
<skipped>
</skipped>
</testcase>
</testsuite>
<testsuite name="admin-auth.spec.ts" timestamp="2025-10-18T07:09:26.047Z" hostname="Mobile Safari" tests="10" failures="0" skipped="10" time="0" errors="0">
<testcase name="Admin Authentication Flow › should show mode selection screen" classname="admin-auth.spec.ts" time="0">
<skipped>
</skipped>
</testcase>
<testcase name="Admin Authentication Flow › should navigate to admin login when admin mode selected" classname="admin-auth.spec.ts" time="0">
<skipped>
</skipped>
</testcase>
<testcase name="Admin Authentication Flow › should validate required fields on admin login" classname="admin-auth.spec.ts" time="0">
<skipped>
</skipped>
</testcase>
<testcase name="Admin Authentication Flow › should handle invalid credentials gracefully" classname="admin-auth.spec.ts" time="0">
<skipped>
</skipped>
</testcase>
<testcase name="Admin Authentication Flow › should handle successful admin login" classname="admin-auth.spec.ts" time="0">
<skipped>
</skipped>
</testcase>
<testcase name="Admin Authentication Flow › should protect admin dashboard from direct access" classname="admin-auth.spec.ts" time="0">
<skipped>
</skipped>
</testcase>
<testcase name="Admin Authentication Flow › should handle network errors during login" classname="admin-auth.spec.ts" time="0">
<skipped>
</skipped>
</testcase>
<testcase name="Admin Authentication Flow › should clear password field after failed login attempt" classname="admin-auth.spec.ts" time="0">
<skipped>
</skipped>
</testcase>
<testcase name="Admin Authentication Flow › should show loading state during authentication" classname="admin-auth.spec.ts" time="0">
<skipped>
</skipped>
</testcase>
<testcase name="Admin Authentication Flow › should maintain session across page refreshes" classname="admin-auth.spec.ts" time="0">
<skipped>
</skipped>
</testcase>
</testsuite>
<testsuite name="facial-sentiment-workflow.spec.ts" timestamp="2025-10-18T07:09:26.047Z" hostname="Mobile Safari" tests="10" failures="0" skipped="10" time="0" errors="0">
<testcase name="Facial Sentiment Analysis Workflow › should navigate to participant mode and show camera interface" classname="facial-sentiment-workflow.spec.ts" time="0">
<skipped>
</skipped>
</testcase>
<testcase name="Facial Sentiment Analysis Workflow › should handle camera permission denial gracefully" classname="facial-sentiment-workflow.spec.ts" time="0">
<skipped>
</skipped>
</testcase>
<testcase name="Facial Sentiment Analysis Workflow › should handle camera permission grant and start video stream" classname="facial-sentiment-workflow.spec.ts" time="0">
<skipped>
</skipped>
</testcase>
<testcase name="Facial Sentiment Analysis Workflow › should display sentiment analysis results in real-time" classname="facial-sentiment-workflow.spec.ts" time="0">
<skipped>
</skipped>
</testcase>
<testcase name="Facial Sentiment Analysis Workflow › should record and save facial analysis data" classname="facial-sentiment-workflow.spec.ts" time="0">
<skipped>
</skipped>
</testcase>
<testcase name="Facial Sentiment Analysis Workflow › should handle face detection failures gracefully" classname="facial-sentiment-workflow.spec.ts" time="0">
<skipped>
</skipped>
</testcase>
<testcase name="Facial Sentiment Analysis Workflow › should display analysis history and timestamps" classname="facial-sentiment-workflow.spec.ts" time="0">
<skipped>
</skipped>
</testcase>
<testcase name="Facial Sentiment Analysis Workflow › should export analysis results" classname="facial-sentiment-workflow.spec.ts" time="0">
<skipped>
</skipped>
</testcase>
<testcase name="Facial Sentiment Analysis Workflow › should handle analysis interruption and resumption" classname="facial-sentiment-workflow.spec.ts" time="0">
<skipped>
</skipped>
</testcase>
<testcase name="Facial Sentiment Analysis Workflow › should validate demographic data collection" classname="facial-sentiment-workflow.spec.ts" time="0">
<skipped>
</skipped>
</testcase>
</testsuite>
</testsuites>